// Jest Snapshot v1, https://goo.gl/fbAQLP

exports[`<Header> renders the component 1`] = `
<div>
  <header
    class="bg-cyan-800 text-gray-100"
  >
    <nav
      class="px-2"
    >
      <div
        class="container flex flex-col md:flex-row flex-wrap items-center justify-around md:justify-between mx-auto"
      >
        <a
          class="flex items-center mt-1 md:mt-0"
          href="/"
        >
          <img
            alt="logo"
            class="h-10 p-1"
            data-nimg="1"
            decoding="async"
            height="47"
            loading="lazy"
            src="/_next/image?url=%2Fassets%2Flogo.png&w=96&q=75"
            srcset="/_next/image?url=%2Fassets%2Flogo.png&w=48&q=75 1x, /_next/image?url=%2Fassets%2Flogo.png&w=96&q=75 2x"
            style="color: transparent;"
            width="45"
          />
          <div
            class="text-xl text-white"
          >
            cubetimer.io
          </div>
        </a>
        <div
          class="block w-auto"
          id="navbar-default"
        >
          <ul
            class="flex flex-row px-4 pb-2 md:pb-3 pt-0 md:pt-4 space-x-6 text-sm font-medium items-center"
          >
            <li
              class="text-white"
            >
              <a
                class="block py-2 capitalize"
                href="/"
              >
                timer
              </a>
            </li>
            <li
              class="text-white"
            >
              <a
                class="block py-2 capitalize"
                href="/tutorials"
              >
                tutorials
              </a>
            </li>
            <li
              class="text-white"
            >
              <a
                class="block py-2 capitalize"
                href="/reviews"
              >
                reviews
              </a>
            </li>
            <li>
              <div
                class="grid justify-start"
              >
                <button
                  aria-expanded="false"
                  aria-haspopup="true"
                  class="inline-flex items-center justify-center gap-2 rounded-small outline-none data-[focus-visible=true]:z-10 data-[focus-visible=true]:outline-2 data-[focus-visible=true]:outline-focus data-[focus-visible=true]:outline-offset-2 z-10 aria-expanded:scale-[0.97] aria-expanded:opacity-70 subpixel-antialiased"
                  data-slot="trigger"
                  id="react-aria-:r0:"
                  type="button"
                >
                  <span
                    class="flex relative justify-center items-center box-border overflow-hidden align-middle z-0 outline-none data-[focus-visible=true]:z-10 data-[focus-visible=true]:outline-2 data-[focus-visible=true]:outline-focus data-[focus-visible=true]:outline-offset-2 w-10 h-10 text-tiny bg-default text-default-foreground rounded-full"
                    tabindex="-1"
                  >
                    <img
                      alt="avatar"
                      class="flex object-cover w-full h-full transition-opacity !duration-500 opacity-0 data-[loaded=true]:opacity-100"
                      src="https://s.gravatar.com/avatar/d41d8cd98f00b204e9800998ecf8427e?s=100"
                    />
                  </span>
                  <div
                    class="inline-flex flex-col items-start"
                  >
                    <span
                      class="text-small text-inherit"
                    />
                    <span
                      class="text-tiny text-foreground-400"
                    />
                  </div>
                </button>
              </div>
            </li>
          </ul>
        </div>
      </div>
    </nav>
  </header>
</div>
`;
