// Jest Snapshot v1, https://goo.gl/fbAQLP

exports[`<Timer> renders the components 1`] = `
<div>
  <div
    class="col-span-5"
  >
    <div>
      <p
        class="text-white text-2xl text-center mt-6"
      >
        U L2 B2 U B' R' U R' U2 L D2 L' F2 R2 U2 F2 U2 F R' U' L'
      </p>
      <div
        class="w-11/12 py-4 mx-auto mt-6 text-center rounded card bg-neutral-800"
      >
        <span
          class="font-mono font-black text-white timer text-8xl"
          id="timer-screen"
        >
          0:00
        </span>
      </div>
      <button
        class="timer-btn-start block mx-auto mt-6 px-10 py-5 text-3xl 
        rounded-md w-11/12 bg-yellow-300"
        id="timer-btn"
      >
        Press spacebar or click to start!
      </button>
      <div
        class="flex w-11/12 px-4 py-6 mx-auto mt-6 bg-gray-300 rounded card"
      >
        <div
          class="flex-1"
        >
          <p>
            Cubes Solved: 
            0
          </p>
          <p>
            Average: 
            --
          </p>
          <p>
            Ao5: 
            --
          </p>
          <p>
            Ao10: 
            --
          </p>
        </div>
        <div
          class="flex-1 text-right"
        >
          <p>
            Fastest: 
            --
          </p>
          <p>
            Slowest: 
            --
          </p>
          <label
            class="mr-2"
          >
            Cube Size:
          </label>
          <select
            class="mt-1 p-1.5 border-solid border-r-4 border-transparent rounded-md focus:outline-gray-300"
            data-testid="select"
          >
            <option
              value="2x2"
            >
              2x2
            </option>
            <option
              selected=""
              value="3x3"
            >
              3x3
            </option>
            <option
              value="4x4"
            >
              4x4
            </option>
            <option
              value="5x5"
            >
              5x5
            </option>
          </select>
          <div>
            <label
              class="mr-2"
            >
              Inspection Time:
            </label>
            <select
              class="mt-1 p-1.5 border-solid border-r-4 border-transparent rounded-md focus:outline-gray-300"
              data-testid="select"
            >
              <option
                selected=""
                value="0"
              >
                0 sec.
              </option>
              <option
                value="5"
              >
                5 sec.
              </option>
              <option
                value="15"
              >
                15 sec.
              </option>
            </select>
          </div>
          <div>
            <label
              class="mr-2"
              for="classicMode"
            >
              Classic mode:
            </label>
            <input
              id="classicMode"
              type="checkbox"
            />
          </div>
        </div>
      </div>
    </div>
  </div>
  <div
    class="w-11/12 mx-auto mt-6 md:mt-12"
  >
    <h3
      class="mx-auto mb-2 text-center text-gray-100 text-md"
    >
      Times
    </h3>
    <div
      class="pt-2 pb-4 overflow-auto rounded bg-neutral-800 snap-y snap-mandatory"
    >
      <ul
        class="w-11/12 pr-4 mx-auto text-gray-300 h-96"
      />
    </div>
  </div>
</div>
`;
