// Jest Snapshot v1, https://goo.gl/fbAQLP

exports[`<TimerContainer> renders the components 1`] = `
<div>
  <div
    class="col-span-6"
  >
    <div
      class="flex items-center justify-center gap-2 w-full h-dvh mt-[-220px]"
    >
      <div
        class="w-20 h-20"
      >
        <svg
          viewBox="0 0 200 200"
          xmlns="http://www.w3.org/2000/svg"
        >
          <rect
            fill="#135F75"
            height="30"
            stroke="#135F75"
            stroke-width="15"
            width="30"
            x="25"
            y="85"
          >
            <animate
              attributeName="opacity"
              begin="-.4"
              calcMode="spline"
              dur="1.3"
              keySplines=".5 0 .5 1;.5 0 .5 1"
              repeatCount="indefinite"
              values="1;0;1;"
            />
          </rect>
          <rect
            fill="#135F75"
            height="30"
            stroke="#135F75"
            stroke-width="15"
            width="30"
            x="85"
            y="85"
          >
            <animate
              attributeName="opacity"
              begin="-.2"
              calcMode="spline"
              dur="1.3"
              keySplines=".5 0 .5 1;.5 0 .5 1"
              repeatCount="indefinite"
              values="1;0;1;"
            />
          </rect>
          <rect
            fill="#135F75"
            height="30"
            stroke="#135F75"
            stroke-width="15"
            width="30"
            x="145"
            y="85"
          >
            <animate
              attributeName="opacity"
              begin="0"
              calcMode="spline"
              dur="1.3"
              keySplines=".5 0 .5 1;.5 0 .5 1"
              repeatCount="indefinite"
              values="1;0;1;"
            />
          </rect>
        </svg>
      </div>
    </div>
  </div>
</div>
`;
